2026-06-01 16:52:22,874 INFO ======================================================================
2026-06-01 16:52:22,874 INFO PVGIS pull — 115 EPRTR facilities
2026-06-01 16:52:22,874 INFO   Input:  /Users/annayuen/Desktop/IECC/industrial_decarb/LCOH_EU_workflow/inputs/gee_facilities_115.csv
2026-06-01 16:52:22,874 INFO   Output: /Users/annayuen/Desktop/IECC/industrial_decarb/LCOH_EU_workflow/off_grid_electricity_run/outputs/pvgis_solar_cf_115.csv
2026-06-01 16:52:22,874 INFO   Year:   2023
2026-06-01 16:52:22,874 INFO ======================================================================
2026-06-01 16:52:22,877 INFO Loaded 115 sites
2026-06-01 16:52:23,443 INFO Timezone cache: 113 unique coordinates
2026-06-01 16:52:23,443 INFO [PL.MŚ/000000232.FACILITY] start  lat=50.8069 lon=20.5222  active=1
2026-06-01 16:52:23,443 INFO [FR.CAED/10790.FACILITY] start  lat=51.0303 lon=2.2455  active=2
2026-06-01 16:52:23,444 INFO [ES.CAED/002762000.FACILITY] start  lat=41.5466 lon=-0.6784  active=3
2026-06-01 16:52:23,444 INFO [FR.CAED/7624.FACILITY] start  lat=43.4558 lon=4.9317  active=4
2026-06-01 16:52:23,444 INFO [IT.CAED/441221002.FACILITY] start  lat=44.8560 lon=11.5921  active=5
2026-06-01 16:52:23,444 INFO [ES.CAED/001482000.FACILITY] start  lat=37.1843 lon=-6.8945  active=6
2026-06-01 16:52:23,444 INFO [FR.CAED/3437.FACILITY] start  lat=49.3533 lon=4.1562  active=7
2026-06-01 16:52:23,445 INFO [FR.CAED/7658.FACILITY] start  lat=43.3885 lon=5.1527  active=8
2026-06-01 16:52:23,446 INFO [ES.CAED/003701000.FACILITY] start  lat=43.3257 lon=-3.1109  active=9
2026-06-01 16:52:23,446 INFO [IT.CAED/850122001.FACILITY] start  lat=40.4101 lon=16.0871  active=10
2026-06-01 16:52:25,208 INFO [FR.CAED/7624.FACILITY] done  CF=0.2196  kWh/kWp=1923.5
2026-06-01 16:52:25,210 INFO [IT.CAED/960101005.FACILITY] start  lat=37.1791 lon=15.1825  active=10
2026-06-01 16:52:25,210 INFO [1/115] OK  FR.CAED/7624.FACILITY  ETA 0:03:21.436404
2026-06-01 16:52:25,574 INFO [FR.CAED/10790.FACILITY] done  CF=0.1475  kWh/kWp=1292.2
2026-06-01 16:52:25,576 INFO [FR.CAED/12675.FACILITY] start  lat=48.0848 lon=1.8825  active=10
2026-06-01 16:52:25,577 INFO [2/115] OK  FR.CAED/10790.FACILITY  ETA 0:02:00.565576
2026-06-01 16:52:25,599 INFO [IT.CAED/850122001.FACILITY] done  CF=0.1965  kWh/kWp=1721.3
2026-06-01 16:52:25,600 INFO [IT.CAED/850592002.FACILITY] start  lat=40.3136 lon=15.8972  active=10
2026-06-01 16:52:25,601 INFO [3/115] OK  IT.CAED/850122001.FACILITY  ETA 0:01:20.558016
2026-06-01 16:52:25,626 INFO [ES.CAED/003701000.FACILITY] done  CF=0.1733  kWh/kWp=1518.3
2026-06-01 16:52:25,628 INFO [FR.CAED/3814.FACILITY] start  lat=49.5103 lon=0.2259  active=10
2026-06-01 16:52:25,628 INFO [4/115] OK  ES.CAED/003701000.FACILITY  ETA 0:01:00.642408
2026-06-01 16:52:25,658 INFO [PL.MŚ/000000232.FACILITY] done  CF=0.1378  kWh/kWp=1207.1
2026-06-01 16:52:25,659 INFO [PL.MŚ/000000108.FACILITY] start  lat=50.3034 lon=18.2594  active=10
2026-06-01 16:52:25,659 INFO [5/115] OK  PL.MŚ/000000232.FACILITY  ETA 0:00:48.764650
2026-06-01 16:52:25,684 INFO [IT.CAED/441221002.FACILITY] done  CF=0.1876  kWh/kWp=1643.7
2026-06-01 16:52:25,686 INFO [ES.CAED/001528000.FACILITY] start  lat=38.6720 lon=-4.0497  active=10
2026-06-01 16:52:25,686 INFO [6/115] OK  IT.CAED/441221002.FACILITY  ETA 0:00:40.745835
2026-06-01 16:52:25,706 INFO [FR.CAED/3437.FACILITY] done  CF=0.1463  kWh/kWp=1281.4
2026-06-01 16:52:25,707 INFO [FR.CAED/10838.FACILITY] start  lat=50.5596 lon=2.4907  active=10
2026-06-01 16:52:25,707 INFO [7/115] OK  FR.CAED/3437.FACILITY  ETA 0:00:34.941132
2026-06-01 16:52:25,731 INFO [ES.CAED/001482000.FACILITY] done  CF=0.2322  kWh/kWp=2033.7
2026-06-01 16:52:25,732 INFO [FR.CAED/7615.FACILITY] start  lat=43.3844 lon=5.0174  active=10
2026-06-01 16:52:25,732 INFO [8/115] OK  ES.CAED/001482000.FACILITY  ETA 0:00:30.620618
2026-06-01 16:52:25,755 INFO [FR.CAED/7658.FACILITY] done  CF=0.2208  kWh/kWp=1934.2
2026-06-01 16:52:25,756 INFO [FR.CAED/6705.FACILITY] start  lat=47.3723 lon=-2.1280  active=10
2026-06-01 16:52:25,756 INFO [9/115] OK  FR.CAED/7658.FACILITY  ETA 0:00:27.250374
2026-06-01 16:52:25,779 INFO [ES.CAED/002762000.FACILITY] done  CF=0.2260  kWh/kWp=1979.7
2026-06-01 16:52:25,780 INFO [IT.CAED/600151001.FACILITY] start  lat=43.6395 lon=13.3813  active=10
2026-06-01 16:52:25,780 INFO [10/115] OK  ES.CAED/002762000.FACILITY  ETA 0:00:24.543855
2026-06-01 16:52:27,169 INFO [IT.CAED/960101005.FACILITY] done  CF=0.2133  kWh/kWp=1868.9
2026-06-01 16:52:27,170 INFO [PL.MŚ/000000138.FACILITY] start  lat=52.5946 lon=14.6255  active=10
2026-06-01 16:52:27,170 INFO [11/115] OK  IT.CAED/960101005.FACILITY  ETA 0:00:35.241752
2026-06-01 16:52:27,289 INFO [IT.CAED/850592002.FACILITY] done  CF=0.1926  kWh/kWp=1686.9
2026-06-01 16:52:27,290 INFO [PL.MŚ/000000221.FACILITY] start  lat=50.5026 lon=18.9308  active=10
2026-06-01 16:52:27,291 INFO [12/115] OK  IT.CAED/850592002.FACILITY  ETA 0:00:33.027774
2026-06-01 16:52:27,313 INFO [ES.CAED/001528000.FACILITY] done  CF=0.2229  kWh/kWp=1952.8
2026-06-01 16:52:27,314 INFO [ES.CAED/001526000.FACILITY] start  lat=43.3531 lon=-8.4467  active=10
2026-06-01 16:52:27,314 INFO [13/115] OK  ES.CAED/001528000.FACILITY  ETA 0:00:30.376212
2026-06-01 16:52:27,447 INFO [FR.CAED/12675.FACILITY] done  CF=0.1521  kWh/kWp=1332.2
2026-06-01 16:52:27,448 INFO [FR.CAED/5914.FACILITY] start  lat=48.6394 lon=6.2655  active=10
2026-06-01 16:52:27,448 INFO [14/115] OK  FR.CAED/12675.FACILITY  ETA 0:00:28.894383
2026-06-01 16:52:27,699 INFO [FR.CAED/10838.FACILITY] done  CF=0.1420  kWh/kWp=1243.9
2026-06-01 16:52:27,701 INFO [ES.CAED/001562000.FACILITY] start  lat=41.1943 lon=1.2261  active=10
2026-06-01 16:52:27,701 INFO [15/115] OK  FR.CAED/10838.FACILITY  ETA 0:00:28.388400
2026-06-01 16:52:27,729 INFO [PL.MŚ/000000108.FACILITY] done  CF=0.1398  kWh/kWp=1224.8
2026-06-01 16:52:27,730 INFO [ES.CAED/002716000.FACILITY] start  lat=41.1787 lon=1.2202  active=10
2026-06-01 16:52:27,731 INFO [16/115] OK  PL.MŚ/000000108.FACILITY  ETA 0:00:26.531604
2026-06-01 16:52:27,753 INFO [FR.CAED/3814.FACILITY] done  CF=0.1566  kWh/kWp=1371.9
2026-06-01 16:52:27,755 INFO [FR.CAED/9415.FACILITY] start  lat=48.8585 lon=8.0850  active=10
2026-06-01 16:52:27,755 INFO [17/115] OK  FR.CAED/3814.FACILITY  ETA 0:00:24.860150
2026-06-01 16:52:27,778 INFO [IT.CAED/600151001.FACILITY] done  CF=0.1987  kWh/kWp=1740.8
2026-06-01 16:52:27,780 INFO [ES.CAED/002761000.FACILITY] start  lat=41.6701 lon=-0.8713  active=10
2026-06-01 16:52:27,780 INFO [18/115] OK  IT.CAED/600151001.FACILITY  ETA 0:00:23.372732
2026-06-01 16:52:27,800 INFO [FR.CAED/7615.FACILITY] done  CF=0.2218  kWh/kWp=1942.6
2026-06-01 16:52:27,801 INFO [IT.CAED/090181001.FACILITY] start  lat=39.0971 lon=9.0113  active=10
2026-06-01 16:52:27,801 INFO [19/115] OK  FR.CAED/7615.FACILITY  ETA 0:00:22.020576
2026-06-01 16:52:27,824 INFO [FR.CAED/6705.FACILITY] done  CF=0.1657  kWh/kWp=1451.9
2026-06-01 16:52:27,824 INFO [FR.CAED/6144.FACILITY] start  lat=48.2094 lon=6.4203  active=10
2026-06-01 16:52:27,824 INFO [20/115] OK  FR.CAED/6705.FACILITY  ETA 0:00:20.813170
2026-06-01 16:52:29,033 INFO [PL.MŚ/000000138.FACILITY] done  CF=0.1339  kWh/kWp=1172.6
2026-06-01 16:52:29,034 INFO [EL.CAED/100048.FACILITY] start  lat=38.3608 lon=22.6917  active=10
2026-06-01 16:52:29,034 INFO [21/115] OK  PL.MŚ/000000138.FACILITY  ETA 0:00:25.027970
2026-06-01 16:52:29,291 INFO [PL.MŚ/000000221.FACILITY] done  CF=0.1401  kWh/kWp=1226.9
2026-06-01 16:52:29,292 INFO [FR.CAED/5422.FACILITY] start  lat=45.6774 lon=4.8611  active=10
2026-06-01 16:52:29,292 INFO [22/115] OK  PL.MŚ/000000221.FACILITY  ETA 0:00:24.727956
2026-06-01 16:52:29,351 INFO [ES.CAED/001526000.FACILITY] done  CF=0.1742  kWh/kWp=1526.3
2026-06-01 16:52:29,369 INFO [IT.CAED/280691001.FACILITY] start  lat=45.4372 lon=8.7858  active=10
2026-06-01 16:52:29,369 INFO [23/115] OK  ES.CAED/001526000.FACILITY  ETA 0:00:23.704628
2026-06-01 16:52:29,422 INFO [FR.CAED/9415.FACILITY] done  CF=0.1510  kWh/kWp=1323.1
2026-06-01 16:52:29,424 INFO [IT.CAED/960101006.FACILITY] start  lat=37.2191 lon=15.1752  active=10
2026-06-01 16:52:29,424 INFO [24/115] OK  FR.CAED/9415.FACILITY  ETA 0:00:22.679111
2026-06-01 16:52:29,444 INFO [ES.CAED/002761000.FACILITY] done  CF=0.2247  kWh/kWp=1968.4
2026-06-01 16:52:29,446 INFO [FR.CAED/788.FACILITY] start  lat=43.8314 lon=-0.8263  active=10
2026-06-01 16:52:29,446 INFO [25/115] OK  ES.CAED/002761000.FACILITY  ETA 0:00:21.611430
2026-06-01 16:52:29,465 INFO [FR.CAED/5914.FACILITY] done  CF=0.1515  kWh/kWp=1326.8
2026-06-01 16:52:29,466 INFO [PL.MŚ/000000068.FACILITY] start  lat=52.8368 lon=17.9896  active=10
2026-06-01 16:52:29,466 INFO [26/115] OK  FR.CAED/5914.FACILITY  ETA 0:00:20.617918
2026-06-01 16:52:29,542 INFO [IT.CAED/090181001.FACILITY] done  CF=0.2216  kWh/kWp=1941.2
2026-06-01 16:52:29,543 INFO [ES.CAED/000704000.FACILITY] start  lat=39.9767 lon=0.0146  active=10
2026-06-01 16:52:29,543 INFO [27/115] OK  IT.CAED/090181001.FACILITY  ETA 0:00:19.881312
2026-06-01 16:52:29,686 INFO [ES.CAED/002716000.FACILITY] done  CF=0.2194  kWh/kWp=1922.2
2026-06-01 16:52:29,688 INFO [PL.MŚ/000000197.FACILITY] start  lat=52.7022 lon=18.9658  active=10
2026-06-01 16:52:29,691 INFO [28/115] OK  ES.CAED/002716000.FACILITY  ETA 0:00:19.415442
2026-06-01 16:52:29,709 INFO [ES.CAED/001562000.FACILITY] done  CF=0.2195  kWh/kWp=1922.7
2026-06-01 16:52:29,709 INFO [FR.CAED/7656.FACILITY] start  lat=43.4655 lon=4.9366  active=10
2026-06-01 16:52:29,710 INFO [29/115] OK  ES.CAED/001562000.FACILITY  ETA 0:00:18.584428
2026-06-01 16:52:29,776 INFO [FR.CAED/6144.FACILITY] done  CF=0.1537  kWh/kWp=1346.5
2026-06-01 16:52:29,777 INFO [FR.CAED/9517.FACILITY] start  lat=48.1668 lon=7.5936  active=10
2026-06-01 16:52:29,777 INFO [30/115] OK  FR.CAED/6144.FACILITY  ETA 0:00:17.945880
2026-06-01 16:52:30,838 INFO [EL.CAED/100048.FACILITY] done  CF=0.2005  kWh/kWp=1756.5
2026-06-01 16:52:30,839 INFO [PL.MŚ/000000278.FACILITY] start  lat=51.1824 lon=16.1176  active=10
2026-06-01 16:52:30,839 INFO [31/115] OK  EL.CAED/100048.FACILITY  ETA 0:00:20.040720
2026-06-01 16:52:31,273 INFO [IT.CAED/280691001.FACILITY] done  CF=0.1819  kWh/kWp=1593.2
2026-06-01 16:52:31,274 INFO [FR.CAED/11135.FACILITY] start  lat=50.6340 lon=2.6759  active=10
2026-06-01 16:52:31,275 INFO [32/115] OK  IT.CAED/280691001.FACILITY  ETA 0:00:20.313586
2026-06-01 16:52:31,297 INFO [FR.CAED/5422.FACILITY] done  CF=0.1734  kWh/kWp=1518.8
2026-06-01 16:52:31,298 INFO [PL.MŚ/000000212.FACILITY] start  lat=50.3070 lon=21.4709  active=10
2026-06-01 16:52:31,298 INFO [33/115] OK  FR.CAED/5422.FACILITY  ETA 0:00:19.518706
2026-06-01 16:52:31,378 INFO [FR.CAED/788.FACILITY] done  CF=0.1707  kWh/kWp=1495.3
2026-06-01 16:52:31,379 INFO [FR.CAED/7646.FACILITY] start  lat=43.4483 lon=4.9311  active=10
2026-06-01 16:52:31,383 INFO [34/115] OK  FR.CAED/788.FACILITY  ETA 0:00:18.915282
2026-06-01 16:52:31,438 INFO [PL.MŚ/000000068.FACILITY] done  CF=0.1343  kWh/kWp=1176.5
2026-06-01 16:52:31,439 INFO [FR.CAED/6155.FACILITY] start  lat=48.3367 lon=6.6565  active=10
2026-06-01 16:52:31,456 INFO [35/115] OK  PL.MŚ/000000068.FACILITY  ETA 0:00:18.316560
2026-06-01 16:52:31,512 INFO [FR.CAED/9517.FACILITY] done  CF=0.1565  kWh/kWp=1370.9
2026-06-01 16:52:31,513 INFO [FR.CAED/1260.FACILITY] start  lat=43.4147 lon=-0.6129  active=10
2026-06-01 16:52:31,514 INFO [36/115] OK  FR.CAED/9517.FACILITY  ETA 0:00:17.711563
2026-06-01 16:52:31,536 INFO [FR.CAED/7656.FACILITY] done  CF=0.2196  kWh/kWp=1923.8
2026-06-01 16:52:31,537 INFO [FR.CAED/791.FACILITY] start  lat=43.9470 lon=-1.2987  active=10
2026-06-01 16:52:31,538 INFO [37/115] OK  FR.CAED/7656.FACILITY  ETA 0:00:17.064684
2026-06-01 16:52:31,559 INFO [IT.CAED/960101006.FACILITY] done  CF=0.2127  kWh/kWp=1863.6
2026-06-01 16:52:31,560 INFO [PL.MŚ/000000136.FACILITY] start  lat=50.9482 lon=21.4451  active=10
2026-06-01 16:52:31,560 INFO [38/115] OK  IT.CAED/960101006.FACILITY  ETA 0:00:16.448432
2026-06-01 16:52:31,664 INFO [PL.MŚ/000000197.FACILITY] done  CF=0.1343  kWh/kWp=1176.6
2026-06-01 16:52:31,665 INFO [ES.CAED/003378000.FACILITY] start  lat=43.5411 lon=-6.7211  active=10
2026-06-01 16:52:31,666 INFO [39/115] OK  PL.MŚ/000000197.FACILITY  ETA 0:00:16.024448
2026-06-01 16:52:31,688 INFO [ES.CAED/000704000.FACILITY] done  CF=0.2273  kWh/kWp=1991.1
2026-06-01 16:52:31,689 INFO [FR.CAED/7588.FACILITY] start  lat=43.7932 lon=4.6620  active=10
2026-06-01 16:52:31,689 INFO [40/115] OK  ES.CAED/000704000.FACILITY  ETA 0:00:15.462375
2026-06-01 16:52:32,707 INFO [PL.MŚ/000000278.FACILITY] done  CF=0.1410  kWh/kWp=1234.8
2026-06-01 16:52:32,708 INFO [EE.KAUR.TTR/88.FACILITY] start  lat=59.3406 lon=25.3402  active=10
2026-06-01 16:52:32,708 INFO [41/115] OK  PL.MŚ/000000278.FACILITY  ETA 0:00:16.722446
2026-06-01 16:52:33,076 INFO [FR.CAED/11135.FACILITY] done  CF=0.1406  kWh/kWp=1232.0
2026-06-01 16:52:33,077 INFO [FR.CAED/9964.FACILITY] start  lat=43.5583 lon=1.3986  active=10
2026-06-01 16:52:33,077 INFO [42/115] OK  FR.CAED/11135.FACILITY  ETA 0:00:16.745762
2026-06-01 16:52:33,261 INFO [FR.CAED/6155.FACILITY] done  CF=0.1515  kWh/kWp=1327.2
2026-06-01 16:52:33,263 INFO [FR.CAED/10011.FACILITY] start  lat=43.0999 lon=0.7218  active=10
2026-06-01 16:52:33,263 INFO [43/115] OK  FR.CAED/6155.FACILITY  ETA 0:00:16.443072
2026-06-01 16:52:33,286 INFO [FR.CAED/791.FACILITY] done  CF=0.1783  kWh/kWp=1562.2
2026-06-01 16:52:33,287 INFO [IT.CAED/330282002.FACILITY] start  lat=46.3939 lon=13.0169  active=10
2026-06-01 16:52:33,287 INFO [44/115] OK  FR.CAED/791.FACILITY  ETA 0:00:15.885327
2026-06-01 16:52:33,372 INFO [FR.CAED/7646.FACILITY] done  CF=0.2195  kWh/kWp=1923.2
2026-06-01 16:52:33,373 INFO [FR.CAED/662.FACILITY] start  lat=44.6288 lon=-0.9761  active=10
2026-06-01 16:52:33,374 INFO [45/115] OK  FR.CAED/7646.FACILITY  ETA 0:00:15.447880
2026-06-01 16:52:33,398 INFO [PL.MŚ/000000212.FACILITY] done  CF=0.1375  kWh/kWp=1204.1
2026-06-01 16:52:33,399 INFO [FR.CAED/3936.FACILITY] start  lat=49.4237 lon=1.0367  active=10
2026-06-01 16:52:33,399 INFO [46/115] OK  PL.MŚ/000000212.FACILITY  ETA 0:00:14.934222
2026-06-01 16:52:33,505 INFO [FR.CAED/1260.FACILITY] done  CF=0.1753  kWh/kWp=1535.7
2026-06-01 16:52:33,507 INFO [PL.MŚ/000000053.FACILITY] start  lat=50.9304 lon=21.6765  active=10
2026-06-01 16:52:33,507 INFO [47/115] OK  FR.CAED/1260.FACILITY  ETA 0:00:14.560976
2026-06-01 16:52:33,530 INFO [FR.CAED/7588.FACILITY] done  CF=0.2100  kWh/kWp=1839.3
2026-06-01 16:52:33,532 INFO [FR.CAED/5938.FACILITY] start  lat=48.8967 lon=6.0519  active=10
2026-06-01 16:52:33,534 INFO [48/115] OK  FR.CAED/7588.FACILITY  ETA 0:00:14.085678
2026-06-01 16:52:33,582 INFO [PL.MŚ/000000136.FACILITY] done  CF=0.1389  kWh/kWp=1216.5
2026-06-01 16:52:33,583 INFO [ES.CAED/001619000.FACILITY] start  lat=37.1840 lon=-6.8896  active=10
2026-06-01 16:52:33,583 INFO [49/115] OK  PL.MŚ/000000136.FACILITY  ETA 0:00:13.658898
2026-06-01 16:52:33,607 INFO [ES.CAED/003378000.FACILITY] done  CF=0.1856  kWh/kWp=1626.3
2026-06-01 16:52:33,608 INFO [PL.MŚ/000000273.FACILITY] start  lat=51.6198 lon=19.9349  active=10
2026-06-01 16:52:33,608 INFO [50/115] OK  ES.CAED/003378000.FACILITY  ETA 0:00:13.214500
2026-06-01 16:52:34,642 INFO [EE.KAUR.TTR/88.FACILITY] done  CF=0.1272  kWh/kWp=1114.2
2026-06-01 16:52:34,643 INFO [ES.CAED/001960000.FACILITY] start  lat=41.8400 lon=-4.5594  active=10
2026-06-01 16:52:34,643 INFO [51/115] OK  EE.KAUR.TTR/88.FACILITY  ETA 0:00:14.055296
2026-06-01 16:52:35,041 INFO [IT.CAED/330282002.FACILITY] done  CF=0.1656  kWh/kWp=1451.0
2026-06-01 16:52:35,043 INFO [FR.CAED/44.FACILITY] start  lat=47.0385 lon=5.4127  active=10
2026-06-01 16:52:35,043 INFO [52/115] OK  IT.CAED/330282002.FACILITY  ETA 0:00:14.054103
2026-06-01 16:52:35,067 INFO [FR.CAED/9964.FACILITY] done  CF=0.1717  kWh/kWp=1504.5
2026-06-01 16:52:35,068 INFO [FR.CAED/3839.FACILITY] start  lat=49.5049 lon=0.2061  active=10
2026-06-01 16:52:35,068 INFO [53/115] OK  FR.CAED/9964.FACILITY  ETA 0:00:13.599452
2026-06-01 16:52:35,169 INFO [FR.CAED/3936.FACILITY] done  CF=0.1475  kWh/kWp=1292.1
2026-06-01 16:52:35,170 INFO [PL.MŚ/000000058.FACILITY] start  lat=50.3461 lon=19.2844  active=10
2026-06-01 16:52:35,171 INFO [54/115] OK  FR.CAED/3936.FACILITY  ETA 0:00:13.248285
2026-06-01 16:52:35,194 INFO [FR.CAED/10011.FACILITY] done  CF=0.1830  kWh/kWp=1603.4
2026-06-01 16:52:35,195 INFO [IT.CAED/980571001.FACILITY] start  lat=38.2027 lon=15.2723  active=10
2026-06-01 16:52:35,195 INFO [55/115] OK  FR.CAED/10011.FACILITY  ETA 0:00:12.820440
2026-06-01 16:52:35,365 INFO [FR.CAED/662.FACILITY] done  CF=0.1695  kWh/kWp=1484.9
2026-06-01 16:52:35,366 INFO [IT.CAED/930121001.FACILITY] start  lat=37.0554 lon=14.2772  active=10
2026-06-01 16:52:35,366 INFO [56/115] OK  FR.CAED/662.FACILITY  ETA 0:00:12.562280
2026-06-01 16:52:35,419 INFO [FR.CAED/5938.FACILITY] done  CF=0.1502  kWh/kWp=1316.0
2026-06-01 16:52:35,420 INFO [EL.CAED/100058.FACILITY] start  lat=38.0422 lon=23.5108  active=10
2026-06-01 16:52:35,420 INFO [57/115] OK  FR.CAED/5938.FACILITY  ETA 0:00:12.187424
2026-06-01 16:52:35,442 INFO [PL.MŚ/000000053.FACILITY] done  CF=0.1386  kWh/kWp=1214.3
2026-06-01 16:52:35,443 INFO [IT.CAED/301751001.FACILITY] start  lat=45.4594 lon=12.2667  active=10
2026-06-01 16:52:35,443 INFO [58/115] OK  PL.MŚ/000000053.FACILITY  ETA 0:00:11.793813
2026-06-01 16:52:35,471 INFO [ES.CAED/001619000.FACILITY] done  CF=0.2322  kWh/kWp=2033.7
2026-06-01 16:52:35,472 INFO [FR.CAED/759.FACILITY] start  lat=44.2072 lon=-1.2716  active=10
2026-06-01 16:52:35,472 INFO [59/115] OK  ES.CAED/001619000.FACILITY  ETA 0:00:11.417224
2026-06-01 16:52:35,661 INFO [PL.MŚ/000000273.FACILITY] done  CF=0.1352  kWh/kWp=1184.7
2026-06-01 16:52:35,662 INFO [IT.CAED/030392001.FACILITY] start  lat=41.6994 lon=13.5869  active=10
2026-06-01 16:52:35,662 INFO [60/115] OK  PL.MŚ/000000273.FACILITY  ETA 0:00:11.201025
2026-06-01 16:52:36,486 INFO [ES.CAED/001960000.FACILITY] done  CF=0.2042  kWh/kWp=1789.2
2026-06-01 16:52:36,487 INFO [FR.CAED/146.FACILITY] start  lat=49.3655 lon=3.4137  active=10
2026-06-01 16:52:36,487 INFO [61/115] OK  ES.CAED/001960000.FACILITY  ETA 0:00:11.547630
2026-06-01 16:52:36,609 INFO [FR.CAED/44.FACILITY] done  CF=0.1652  kWh/kWp=1447.4
2026-06-01 16:52:36,610 INFO [ES.CAED/001529000.FACILITY] start  lat=37.6222 lon=-0.9822  active=10
2026-06-01 16:52:36,610 INFO [62/115] OK  FR.CAED/44.FACILITY  ETA 0:00:11.255557
2026-06-01 16:52:36,891 INFO [FR.CAED/3839.FACILITY] done  CF=0.1566  kWh/kWp=1371.7
2026-06-01 16:52:36,892 INFO [FR.CAED/7626.FACILITY] start  lat=43.4201 lon=4.8602  active=10
2026-06-01 16:52:36,892 INFO [63/115] OK  FR.CAED/3839.FACILITY  ETA 0:00:11.100960
2026-06-01 16:52:37,002 INFO [IT.CAED/980571001.FACILITY] done  CF=0.2067  kWh/kWp=1810.9
2026-06-01 16:52:37,003 INFO [FR.CAED/4151.FACILITY] start  lat=49.4891 lon=0.5252  active=10
2026-06-01 16:52:37,003 INFO [64/115] OK  IT.CAED/980571001.FACILITY  ETA 0:00:10.806033
2026-06-01 16:52:37,158 INFO [EL.CAED/100058.FACILITY] done  CF=0.2068  kWh/kWp=1811.9
2026-06-01 16:52:37,160 INFO [EL.CAED/100062.FACILITY] start  lat=40.6795 lon=22.8782  active=10
2026-06-01 16:52:37,160 INFO [65/115] OK  EL.CAED/100058.FACILITY  ETA 0:00:10.551850
2026-06-01 16:52:37,235 INFO [PL.MŚ/000000058.FACILITY] done  CF=0.1397  kWh/kWp=1223.7
2026-06-01 16:52:37,236 INFO [EL.CAED/100053.FACILITY] start  lat=38.0324 lon=23.6028  active=10
2026-06-01 16:52:37,236 INFO [66/115] OK  PL.MŚ/000000058.FACILITY  ETA 0:00:10.240706
2026-06-01 16:52:37,268 INFO [IT.CAED/301751001.FACILITY] done  CF=0.1854  kWh/kWp=1624.0
2026-06-01 16:52:37,270 INFO [IT.CAED/030402001.FACILITY] start  lat=41.4375 lon=13.8971  active=10
2026-06-01 16:52:37,273 INFO [67/115] OK  IT.CAED/301751001.FACILITY  ETA 0:00:09.908352
2026-06-01 16:52:37,297 INFO [IT.CAED/930121001.FACILITY] done  CF=0.2195  kWh/kWp=1922.5
2026-06-01 16:52:37,298 INFO [FR.CAED/3829.FACILITY] start  lat=49.5052 lon=0.2099  active=10
2026-06-01 16:52:37,298 INFO [68/115] OK  IT.CAED/930121001.FACILITY  ETA 0:00:09.576203
2026-06-01 16:52:37,436 INFO [IT.CAED/030392001.FACILITY] done  CF=0.1891  kWh/kWp=1656.3
2026-06-01 16:52:37,437 INFO [IT.CAED/570162008.FACILITY] start  lat=43.4089 lon=10.4739  active=10
2026-06-01 16:52:37,437 INFO [69/115] OK  IT.CAED/030392001.FACILITY  ETA 0:00:09.329674
2026-06-01 16:52:37,459 INFO [FR.CAED/759.FACILITY] done  CF=0.1801  kWh/kWp=1577.7
2026-06-01 16:52:37,459 INFO [PL.MŚ/000000072.FACILITY] start  lat=53.6997 lon=18.9217  active=10
2026-06-01 16:52:37,459 INFO [70/115] OK  FR.CAED/759.FACILITY  ETA 0:00:09.010665
2026-06-01 16:52:38,501 INFO [ES.CAED/001529000.FACILITY] done  CF=0.2327  kWh/kWp=2038.5
2026-06-01 16:52:38,502 INFO [FR.CAED/9481.FACILITY] start  lat=47.8265 lon=7.5459  active=10
2026-06-01 16:52:38,505 INFO [71/115] OK  ES.CAED/001529000.FACILITY  ETA 0:00:09.334644
2026-06-01 16:52:38,523 INFO [FR.CAED/146.FACILITY] done  CF=0.1470  kWh/kWp=1287.4
2026-06-01 16:52:38,524 INFO [FR.CAED/9469.FACILITY] start  lat=47.8191 lon=7.5385  active=10
2026-06-01 16:52:38,524 INFO [72/115] OK  FR.CAED/146.FACILITY  ETA 0:00:09.007038
2026-06-01 16:52:38,716 INFO [FR.CAED/4151.FACILITY] done  CF=0.1495  kWh/kWp=1310.0
2026-06-01 16:52:38,717 INFO [IT.CAED/240442002.FACILITY] start  lat=45.6425 lon=9.5969  active=10
2026-06-01 16:52:38,718 INFO [73/115] OK  FR.CAED/4151.FACILITY  ETA 0:00:08.788248
2026-06-01 16:52:38,739 INFO [FR.CAED/7626.FACILITY] done  CF=0.2197  kWh/kWp=1924.7
2026-06-01 16:52:38,739 INFO [IT.CAED/960101007.FACILITY] start  lat=37.1670 lon=15.1973  active=10
2026-06-01 16:52:38,740 INFO [74/115] OK  FR.CAED/7626.FACILITY  ETA 0:00:08.475274
2026-06-01 16:52:38,810 INFO [EL.CAED/100053.FACILITY] done  CF=0.2071  kWh/kWp=1813.8
2026-06-01 16:52:38,811 INFO [PL.MŚ/000000023.FACILITY] start  lat=54.3499 lon=18.7297  active=10
2026-06-01 16:52:38,811 INFO [75/115] OK  EL.CAED/100053.FACILITY  ETA 0:00:08.196200
2026-06-01 16:52:38,990 INFO [EL.CAED/100062.FACILITY] done  CF=0.1879  kWh/kWp=1646.2
2026-06-01 16:52:38,991 INFO [FR.CAED/6088.FACILITY] start  lat=49.1401 lon=6.7073  active=10
2026-06-01 16:52:38,991 INFO [76/115] OK  EL.CAED/100062.FACILITY  ETA 0:00:07.978581
2026-06-01 16:52:39,118 INFO [FR.CAED/3829.FACILITY] done  CF=0.1563  kWh/kWp=1369.0
2026-06-01 16:52:39,120 INFO [FR.CAED/8363.FACILITY] start  lat=48.7194 lon=2.2789  active=10
2026-06-01 16:52:39,120 INFO [77/115] OK  FR.CAED/3829.FACILITY  ETA 0:00:07.736800
2026-06-01 16:52:39,151 INFO [IT.CAED/030402001.FACILITY] done  CF=0.1899  kWh/kWp=1663.5
2026-06-01 16:52:39,151 INFO [FR.CAED/7874.FACILITY] start  lat=43.3840 lon=5.0283  active=10
2026-06-01 16:52:39,151 INFO [78/115] OK  IT.CAED/030402001.FACILITY  ETA 0:00:07.451578
2026-06-01 16:52:39,237 INFO [PL.MŚ/000000072.FACILITY] done  CF=0.1343  kWh/kWp=1176.1
2026-06-01 16:52:39,239 INFO [FR.CAED/9451.FACILITY] start  lat=47.7900 lon=7.5193  active=10
2026-06-01 16:52:39,239 INFO [79/115] OK  PL.MŚ/000000072.FACILITY  ETA 0:00:07.198344
2026-06-01 16:52:39,263 INFO [IT.CAED/570162008.FACILITY] done  CF=0.1959  kWh/kWp=1716.0
2026-06-01 16:52:39,264 INFO [IT.CAED/051002003.FACILITY] start  lat=42.5806 lon=12.6615  active=10
2026-06-01 16:52:39,264 INFO [80/115] OK  IT.CAED/570162008.FACILITY  ETA 0:00:06.921880
2026-06-01 16:52:40,292 INFO [FR.CAED/9481.FACILITY] done  CF=0.1562  kWh/kWp=1368.2
2026-06-01 16:52:40,294 INFO [PL.MŚ/000000309.FACILITY] start  lat=50.3058 lon=19.3014  active=10
2026-06-01 16:52:40,297 INFO [81/115] OK  FR.CAED/9481.FACILITY  ETA 0:00:07.074618
2026-06-01 16:52:40,313 INFO [FR.CAED/9469.FACILITY] done  CF=0.1562  kWh/kWp=1368.2
2026-06-01 16:52:40,314 INFO [PL.MŚ/000000021.FACILITY] start  lat=50.0378 lon=18.4867  active=10
2026-06-01 16:52:40,314 INFO [82/115] OK  FR.CAED/9469.FACILITY  ETA 0:00:06.789783
2026-06-01 16:52:40,561 INFO [IT.CAED/960101007.FACILITY] done  CF=0.2133  kWh/kWp=1868.9
2026-06-01 16:52:40,562 INFO [IT.CAED/960111001.FACILITY] start  lat=37.2216 lon=15.1905  active=10
2026-06-01 16:52:40,562 INFO [83/115] OK  IT.CAED/960101007.FACILITY  ETA 0:00:06.600096
2026-06-01 16:52:40,702 INFO [IT.CAED/240442002.FACILITY] done  CF=0.1822  kWh/kWp=1596.4
2026-06-01 16:52:40,704 INFO [FR.CAED/3572.FACILITY] start  lat=48.5328 lon=4.1139  active=10
2026-06-01 16:52:40,704 INFO [84/115] OK  IT.CAED/240442002.FACILITY  ETA 0:00:06.370221
2026-06-01 16:52:40,728 INFO [PL.MŚ/000000023.FACILITY] done  CF=0.1424  kWh/kWp=1247.8
2026-06-01 16:52:40,728 INFO [PL.MŚ/000000067.FACILITY] start  lat=51.1031 lon=18.9264  active=10
2026-06-01 16:52:40,728 INFO [85/115] OK  PL.MŚ/000000023.FACILITY  ETA 0:00:06.100830
2026-06-01 16:52:40,788 INFO [FR.CAED/6088.FACILITY] done  CF=0.1484  kWh/kWp=1299.7
2026-06-01 16:52:40,789 INFO [IT.CAED/100752001.FACILITY] start  lat=45.2533 lon=7.5397  active=10
2026-06-01 16:52:40,789 INFO [86/115] OK  FR.CAED/6088.FACILITY  ETA 0:00:05.849416
2026-06-01 16:52:41,117 INFO [FR.CAED/7874.FACILITY] done  CF=0.2218  kWh/kWp=1942.8
2026-06-01 16:52:41,119 INFO [FR.CAED/82.FACILITY] start  lat=49.3941 lon=3.3706  active=10
2026-06-01 16:52:41,119 INFO [87/115] OK  FR.CAED/7874.FACILITY  ETA 0:00:05.688872
2026-06-01 16:52:41,139 INFO [FR.CAED/8363.FACILITY] done  CF=0.1505  kWh/kWp=1318.4
2026-06-01 16:52:41,139 INFO [FR.CAED/132.FACILITY] start  lat=49.8397 lon=3.4806  active=10
2026-06-01 16:52:41,139 INFO [88/115] OK  FR.CAED/8363.FACILITY  ETA 0:00:05.429673
2026-06-01 16:52:41,198 INFO [IT.CAED/051002003.FACILITY] done  CF=0.1895  kWh/kWp=1660.3
2026-06-01 16:52:41,199 INFO [FR.CAED/3834.FACILITY] start  lat=49.4884 lon=0.5652  active=10
2026-06-01 16:52:41,199 INFO [89/115] OK  IT.CAED/051002003.FACILITY  ETA 0:00:05.187234
2026-06-01 16:52:41,299 INFO [FR.CAED/9451.FACILITY] done  CF=0.1560  kWh/kWp=1366.9
2026-06-01 16:52:41,300 INFO [PL.MŚ/000000063.FACILITY] start  lat=50.8286 lon=20.2727  active=10
2026-06-01 16:52:41,300 INFO [90/115] OK  FR.CAED/9451.FACILITY  ETA 0:00:04.960250
2026-06-01 16:52:42,304 INFO [PL.MŚ/000000021.FACILITY] done  CF=0.1389  kWh/kWp=1216.9
2026-06-01 16:52:42,305 INFO [IT.CAED/270391001.FACILITY] start  lat=45.0997 lon=8.8768  active=10
2026-06-01 16:52:42,306 INFO [91/115] OK  PL.MŚ/000000021.FACILITY  ETA 0:00:04.974792
2026-06-01 16:52:42,336 INFO [PL.MŚ/000000309.FACILITY] done  CF=0.1397  kWh/kWp=1224.2
2026-06-01 16:52:42,338 INFO [FR.CAED/3833.FACILITY] start  lat=49.4884 lon=0.5652  active=10
2026-06-01 16:52:42,338 INFO [92/115] OK  PL.MŚ/000000309.FACILITY  ETA 0:00:04.723763
2026-06-01 16:52:42,365 INFO [IT.CAED/960111001.FACILITY] done  CF=0.2127  kWh/kWp=1863.7
2026-06-01 16:52:42,365 INFO [ES.CAED/001998000.FACILITY] start  lat=43.6975 lon=-7.4549  active=10
2026-06-01 16:52:42,366 INFO [93/115] OK  IT.CAED/960111001.FACILITY  ETA 0:00:04.476362
2026-06-01 16:52:42,505 INFO [FR.CAED/3572.FACILITY] done  CF=0.1497  kWh/kWp=1311.7
2026-06-01 16:52:42,506 INFO [FR.CAED/6359.FACILITY] start  lat=49.0053 lon=7.0312  active=10
2026-06-01 16:52:42,506 INFO [94/115] OK  FR.CAED/3572.FACILITY  ETA 0:00:04.258821
2026-06-01 16:52:42,531 INFO [PL.MŚ/000000067.FACILITY] done  CF=0.1390  kWh/kWp=1218.0
2026-06-01 16:52:42,532 INFO [PL.MŚ/000000109.FACILITY] start  lat=52.8271 lon=18.0081  active=10
2026-06-01 16:52:42,532 INFO [95/115] OK  PL.MŚ/000000067.FACILITY  ETA 0:00:04.018860
2026-06-01 16:52:42,802 INFO [IT.CAED/100752001.FACILITY] done  CF=0.1820  kWh/kWp=1594.3
2026-06-01 16:52:42,803 INFO [FR.CAED/10727.FACILITY] start  lat=50.2094 lon=2.7676  active=10
2026-06-01 16:52:42,803 INFO [96/115] OK  IT.CAED/100752001.FACILITY  ETA 0:00:03.831768
2026-06-01 16:52:42,845 INFO [FR.CAED/132.FACILITY] done  CF=0.1442  kWh/kWp=1263.4
2026-06-01 16:52:42,846 INFO [PL.MŚ/000000062.FACILITY] start  lat=50.6806 lon=17.9139  active=10
2026-06-01 16:52:42,846 INFO [97/115] OK  FR.CAED/132.FACILITY  ETA 0:00:03.600684
2026-06-01 16:52:42,901 INFO [FR.CAED/3834.FACILITY] done  CF=0.1500  kWh/kWp=1313.9
2026-06-01 16:52:42,902 INFO [FR.CAED/4602.FACILITY] start  lat=45.8691 lon=0.8281  active=10
2026-06-01 16:52:42,903 INFO [98/115] OK  FR.CAED/3834.FACILITY  ETA 0:00:03.375707
2026-06-01 16:52:42,923 INFO [FR.CAED/82.FACILITY] done  CF=0.1472  kWh/kWp=1289.8
2026-06-01 16:52:42,923 INFO [FR.CAED/5125.FACILITY] start  lat=45.2153 lon=4.8130  active=10
2026-06-01 16:52:42,924 INFO [99/115] OK  FR.CAED/82.FACILITY  ETA 0:00:03.148432
2026-06-01 16:52:43,014 INFO [PL.MŚ/000000063.FACILITY] done  CF=0.1376  kWh/kWp=1205.4
2026-06-01 16:52:43,015 INFO [PL.MŚ/000000190.FACILITY] start  lat=50.8751 lon=19.2573  active=10
2026-06-01 16:52:43,015 INFO [100/115] OK  PL.MŚ/000000063.FACILITY  ETA 0:00:02.935830
2026-06-01 16:52:44,081 INFO [IT.CAED/270391001.FACILITY] done  CF=0.1798  kWh/kWp=1574.8
2026-06-01 16:52:44,082 INFO [EL.CAED/100066.FACILITY] start  lat=37.9178 lon=23.0736  active=10
2026-06-01 16:52:44,082 INFO [101/115] OK  IT.CAED/270391001.FACILITY  ETA 0:00:02.860914
2026-06-01 16:52:44,254 INFO [ES.CAED/001998000.FACILITY] done  CF=0.1828  kWh/kWp=1601.6
2026-06-01 16:52:44,255 INFO [FR.CAED/3466.FACILITY] start  lat=48.7222 lon=3.9212  active=10
2026-06-01 16:52:44,255 INFO [102/115] OK  ES.CAED/001998000.FACILITY  ETA 0:00:02.652598
2026-06-01 16:52:44,277 INFO [FR.CAED/3833.FACILITY] done  CF=0.1500  kWh/kWp=1313.9
2026-06-01 16:52:44,278 INFO [PL.MŚ/000000215.FACILITY] start  lat=51.1372 lon=23.5444  active=10
2026-06-01 16:52:44,278 INFO [103/115] OK  FR.CAED/3833.FACILITY  ETA 0:00:02.427432
2026-06-01 16:52:44,349 INFO [PL.MŚ/000000109.FACILITY] done  CF=0.1340  kWh/kWp=1173.8
2026-06-01 16:52:44,350 INFO [IT.CAED/201532001.FACILITY] start  lat=45.5042 lon=9.0706  active=10
2026-06-01 16:52:44,350 INFO [104/115] OK  PL.MŚ/000000109.FACILITY  ETA 0:00:02.211341
2026-06-01 16:52:44,477 INFO [FR.CAED/10727.FACILITY] done  CF=0.1437  kWh/kWp=1259.0
2026-06-01 16:52:44,478 INFO [FR.CAED/5900.FACILITY] start  lat=48.6196 lon=6.3578  active=10
2026-06-01 16:52:44,481 INFO [105/115] OK  FR.CAED/10727.FACILITY  ETA 0:00:02.003680
2026-06-01 16:52:44,501 INFO [FR.CAED/6359.FACILITY] done  CF=0.1481  kWh/kWp=1297.4
2026-06-01 16:52:44,502 INFO [106/115] OK  FR.CAED/6359.FACILITY  ETA 0:00:01.788012
2026-06-01 16:52:44,805 INFO [FR.CAED/4602.FACILITY] done  CF=0.1598  kWh/kWp=1399.9
2026-06-01 16:52:44,807 INFO [107/115] OK  FR.CAED/4602.FACILITY  ETA 0:00:01.597320
2026-06-01 16:52:44,857 INFO [PL.MŚ/000000062.FACILITY] done  CF=0.1399  kWh/kWp=1225.2
2026-06-01 16:52:44,858 INFO [108/115] OK  PL.MŚ/000000062.FACILITY  ETA 0:00:01.388023
2026-06-01 16:52:44,878 INFO [FR.CAED/5125.FACILITY] done  CF=0.1842  kWh/kWp=1613.3
2026-06-01 16:52:44,879 INFO [109/115] OK  FR.CAED/5125.FACILITY  ETA 0:00:01.180002
2026-06-01 16:52:44,906 INFO [PL.MŚ/000000190.FACILITY] done  CF=0.1390  kWh/kWp=1217.4
2026-06-01 16:52:44,907 INFO [110/115] OK  PL.MŚ/000000190.FACILITY  ETA 0:00:00.975655
2026-06-01 16:52:45,918 INFO [FR.CAED/3466.FACILITY] done  CF=0.1504  kWh/kWp=1317.8
2026-06-01 16:52:45,918 INFO [111/115] OK  FR.CAED/3466.FACILITY  ETA 0:00:00.809936
2026-06-01 16:52:46,069 INFO [FR.CAED/5900.FACILITY] done  CF=0.1514  kWh/kWp=1326.0
2026-06-01 16:52:46,071 INFO [112/115] OK  FR.CAED/5900.FACILITY  ETA 0:00:00.606111
2026-06-01 16:52:46,095 INFO [EL.CAED/100066.FACILITY] done  CF=0.2068  kWh/kWp=1811.5
2026-06-01 16:52:46,096 INFO [113/115] OK  EL.CAED/100066.FACILITY  ETA 0:00:00.400936
2026-06-01 16:52:46,170 INFO [IT.CAED/201532001.FACILITY] done  CF=0.1808  kWh/kWp=1583.5
2026-06-01 16:52:46,170 INFO [114/115] OK  IT.CAED/201532001.FACILITY  ETA 0:00:00.199365
2026-06-01 16:52:46,864 INFO [PL.MŚ/000000215.FACILITY] done  CF=0.1373  kWh/kWp=1203.2
2026-06-01 16:52:46,865 INFO [115/115] OK  PL.MŚ/000000215.FACILITY  ETA 0:00:00
2026-06-01 16:52:46,867 INFO ======================================================================
2026-06-01 16:52:46,867 INFO Complete: 115 OK  0 failed
2026-06-01 16:52:46,867 INFO   CF range: 0.127 – 0.233  avg 0.173
2026-06-01 16:52:46,867 INFO Summary CSV: /Users/annayuen/Desktop/IECC/industrial_decarb/LCOH_EU_workflow/off_grid_electricity_run/outputs/pvgis_solar_cf_115.csv
2026-06-01 16:52:46,867 INFO Hourly CSVs: /Users/annayuen/Desktop/IECC/industrial_decarb/LCOH_EU_workflow/off_grid_electricity_run/outputs/pvgis_hourly
2026-06-01 16:52:46,867 INFO ======================================================================
