Costs loaded for iso3_country=FRA, project_start=2025 (BNEF + battery components)
            timestamp  P_kWperkWp  ...                source_name  year
0 2023-01-01 00:00:00         0.0  ...  FIBRE EXCELLENCE PROVENCE  2023
1 2023-01-01 01:00:00         0.0  ...  FIBRE EXCELLENCE PROVENCE  2023
2 2023-01-01 02:00:00         0.0  ...  FIBRE EXCELLENCE PROVENCE  2023
3 2023-01-01 03:00:00         0.0  ...  FIBRE EXCELLENCE PROVENCE  2023
4 2023-01-01 04:00:00         0.0  ...  FIBRE EXCELLENCE PROVENCE  2023

[5 rows x 5 columns]
✅ Data loaded
Heat process temperature: 750.0 C (CLI override)
Heat demand scaling: base_load=5.44 MW × multiplier=1.000 -> load_target=5.44 MW (disabled)
Trying optimization with load = 5.4381 MW...

======================================================================
Building HEAT STORAGE (TES) model for site FR.CAED/7588.FACILITY
Load target: 5.4381 MW | Availability: 90.0% | VoLL: $0/MWh | RTE: 0.970 | E->heat eff: 0.950 | Max duration: 12.0 h
TES CAPEX: energy $100,000.00/MWh, power $0.00/MW (battery params: life=25y, discount=0.070, opex_frac=0.020); FOM $0.00/MW-yr
TES cost model: battery_params | project_start=2025 | process_temp_c=750.0
TES geometry: T_max=1500°C, T_min=750°C → usable stored-energy fraction≈0.500 (linear 0–T_max proxy); P_charge ≥ 4.00 × P_discharge; duration E ≤ 12.0 h × P_discharge; firm constant process load = 5.44 MW (intermittent charge via solar).
======================================================================

Variables built. Adding constraints...
Constraints built. Solving...
Solved in 11.11s

======================================================================
RESULTS (heat TES) - Site FR.CAED/7588.FACILITY
  Solar: 32.09 MW | TES: P_charge=53.24 MW, P_discharge=13.31 MW, E=159.71 MWh (≤12 h at discharge)
  Reliability: 90.00% | Unserved: 4,764 MWh (1105 hrs)
  LCOE — Solar: $28.44 | TES: $35.47 | Total: $63.91/MWh
======================================================================

✅ Feasible optimization found at load 5.4381 MW
✅ Scenario complete. Results saved to scenarios/eu_heat_tes_v1/scenario_FR.CAED_7588.FACILITY/results
Tue Jun  9 13:05:38 EDT 2026
