Costs loaded for iso3_country=FRA, project_start=2025 (BNEF + battery components)
            timestamp  P_kWperkWp  ...          source_name  year
0 2023-01-01 00:00:00         0.0  ...  LAT NITROGEN FRANCE  2023
1 2023-01-01 01:00:00         0.0  ...  LAT NITROGEN FRANCE  2023
2 2023-01-01 02:00:00         0.0  ...  LAT NITROGEN FRANCE  2023
3 2023-01-01 03:00:00         0.0  ...  LAT NITROGEN FRANCE  2023
4 2023-01-01 04:00:00         0.0  ...  LAT NITROGEN FRANCE  2023

[5 rows x 5 columns]
✅ Data loaded
Heat process temperature: 350.0 C (CLI override)
Heat demand scaling: base_load=96.00 MW × multiplier=1.000 -> load_target=96.00 MW (disabled)
Trying optimization with load = 96.0012 MW...

======================================================================
Building HEAT STORAGE (TES) model for site FR.CAED/3936.FACILITY
Load target: 96.0012 MW | Availability: 90.0% | VoLL: $0/MWh | RTE: 0.970 | E->heat eff: 0.950 | Max duration: 12.0 h
TES CAPEX: energy $100,000.00/MWh, power $0.00/MW (battery params: life=25y, discount=0.070, opex_frac=0.020); FOM $0.00/MW-yr
TES cost model: battery_params | project_start=2025 | process_temp_c=350.0
TES geometry: T_max=1500°C, T_min=350°C → usable stored-energy fraction≈0.767 (linear 0–T_max proxy); P_charge ≥ 4.00 × P_discharge; duration E ≤ 12.0 h × P_discharge; firm constant process load = 96.00 MW (intermittent charge via solar).
======================================================================

Variables built. Adding constraints...
Constraints built. Solving...
Solved in 7.58s

======================================================================
RESULTS (heat TES) - Site FR.CAED/3936.FACILITY
  Solar: 1168.93 MW | TES: P_charge=944.77 MW, P_discharge=236.19 MW, E=2834.32 MWh (≤12 h at discharge)
  Reliability: 90.00% | Unserved: 84,097 MWh (966 hrs)
  LCOE — Solar: $58.68 | TES: $35.66 | Total: $94.34/MWh
======================================================================

✅ Feasible optimization found at load 96.0012 MW
✅ Scenario complete. Results saved to scenarios/eu_heat_tes_v1/scenario_FR.CAED_3936.FACILITY/results
Tue Jun  9 13:00:25 EDT 2026
