Costs loaded for iso3_country=FRA, project_start=2025 (BNEF + battery components)
            timestamp  P_kWperkWp            source_id    source_name  year
0 2023-01-01 00:00:00         0.0  FR.CAED/82.FACILITY  TEREOS FRANCE  2023
1 2023-01-01 01:00:00         0.0  FR.CAED/82.FACILITY  TEREOS FRANCE  2023
2 2023-01-01 02:00:00         0.0  FR.CAED/82.FACILITY  TEREOS FRANCE  2023
3 2023-01-01 03:00:00         0.0  FR.CAED/82.FACILITY  TEREOS FRANCE  2023
4 2023-01-01 04:00:00         0.0  FR.CAED/82.FACILITY  TEREOS FRANCE  2023
✅ Data loaded
Heat process temperature: 150.0 C (CLI override)
Heat demand scaling: base_load=36.29 MW × multiplier=1.000 -> load_target=36.29 MW (disabled)
Trying optimization with load = 36.2928 MW...

======================================================================
Building HEAT STORAGE (TES) model for site FR.CAED/82.FACILITY
Load target: 36.2928 MW | Availability: 90.0% | VoLL: $0/MWh | RTE: 0.970 | E->heat eff: 0.980 | Max duration: 12.0 h
TES CAPEX: energy $100,000.00/MWh, power $0.00/MW (battery params: life=25y, discount=0.070, opex_frac=0.020); FOM $0.00/MW-yr
TES cost model: battery_params | project_start=2025 | process_temp_c=150.0
TES geometry: T_max=1500°C, T_min=150°C → usable stored-energy fraction≈0.900 (linear 0–T_max proxy); P_charge ≥ 4.00 × P_discharge; duration E ≤ 12.0 h × P_discharge; firm constant process load = 36.29 MW (intermittent charge via solar).
======================================================================

Variables built. Adding constraints...
Constraints built. Solving...
Solved in 11.09s

======================================================================
RESULTS (heat TES) - Site FR.CAED/82.FACILITY
  Solar: 448.42 MW | TES: P_charge=368.81 MW, P_discharge=92.20 MW, E=1106.44 MWh (≤12 h at discharge)
  Reliability: 90.00% | Unserved: 31,792 MWh (972 hrs)
  LCOE — Solar: $59.55 | TES: $36.82 | Total: $96.37/MWh
======================================================================

✅ Feasible optimization found at load 36.2928 MW
✅ Scenario complete. Results saved to scenarios/eu_heat_tes_v1/scenario_FR.CAED_82.FACILITY/results
Tue Jun  9 13:37:13 EDT 2026
