Costs loaded for iso3_country=POL, project_start=2025 (BNEF + battery components)
            timestamp  ...  year
0 2023-01-01 00:00:00  ...  2023
1 2023-01-01 01:00:00  ...  2023
2 2023-01-01 02:00:00  ...  2023
3 2023-01-01 03:00:00  ...  2023
4 2023-01-01 04:00:00  ...  2023

[5 rows x 5 columns]
✅ Data loaded
Heat process temperature: 750.0 C (CLI override)
Heat demand scaling: base_load=7.13 MW × multiplier=1.000 -> load_target=7.13 MW (disabled)
Trying optimization with load = 7.1275 MW...

======================================================================
Building HEAT STORAGE (TES) model for site PL.MŚ/000000215.FACILITY
Load target: 7.1275 MW | Availability: 90.0% | VoLL: $0/MWh | RTE: 0.970 | E->heat eff: 0.950 | Max duration: 12.0 h
TES CAPEX: energy $100,000.00/MWh, power $0.00/MW (battery params: life=25y, discount=0.070, opex_frac=0.020); FOM $0.00/MW-yr
TES cost model: battery_params | project_start=2025 | process_temp_c=750.0
TES geometry: T_max=1500°C, T_min=750°C → usable stored-energy fraction≈0.500 (linear 0–T_max proxy); P_charge ≥ 4.00 × P_discharge; duration E ≤ 12.0 h × P_discharge; firm constant process load = 7.13 MW (intermittent charge via solar).
======================================================================

Variables built. Adding constraints...
Constraints built. Solving...
Solved in 9.07s

======================================================================
RESULTS (heat TES) - Site PL.MŚ/000000215.FACILITY
  Solar: 109.07 MW | TES: P_charge=133.20 MW, P_discharge=33.30 MW, E=399.61 MWh (≤12 h at discharge)
  Reliability: 90.00% | Unserved: 6,244 MWh (971 hrs)
  LCOE — Solar: $95.52 | TES: $67.72 | Total: $163.24/MWh
======================================================================

✅ Feasible optimization found at load 7.1275 MW
✅ Scenario complete. Results saved to scenarios/eu_heat_tes_v1/scenario_PL.MŚ_000000215.FACILITY/results
Tue Jun  9 13:51:20 EDT 2026
