Tue Jun  9 12:32:21 EDT 2026
=EST, project_start=2025 (BNEF + battery components)
            timestamp  ...  year
0 2023-01-01 00:00:00  ...  2023
1 2023-01-01 01:00:00  ...  2023
2 2023-01-01 02:00:00  ...  2023
3 2023-01-01 03:00:00  ...  2023
4 2023-01-01 04:00:00  ...  2023

[5 rows x 5 columns]
✅ Data loaded
Heat process temperature: 750.0 C (CLI override)
Heat demand scaling: base_load=0.98 MW × multiplier=1.000 -> load_target=0.98 MW (disabled)
Trying optimization with load = 0.9767 MW...

======================================================================
Building HEAT STORAGE (TES) model for site EE.KAUR.TTR/88.FACILITY
Load target: 0.9767 MW | Availability: 90.0% | VoLL: $0/MWh | RTE: 0.970 | E->heat eff: 0.950 | Max duration: 12.0 h
TES CAPEX: energy $100,000.00/MWh, power $0.00/MW (battery params: life=25y, discount=0.070, opex_frac=0.020); FOM $0.00/MW-yr
TES cost model: battery_params | project_start=2025 | process_temp_c=750.0
TES geometry: T_max=1500°C, T_min=750°C → usable stored-energy fraction≈0.500 (linear 0–T_max proxy); P_charge ≥ 4.00 × P_discharge; duration E ≤ 12.0 h × P_discharge; firm constant process load = 0.98 MW (intermittent charge via solar).
======================================================================

Variables built. Adding constraints...
Constraints built. Solving...
Solved in 14.37s

======================================================================
RESULTS (heat TES) - Site EE.KAUR.TTR/88.FACILITY
  Solar: 35.89 MW | TES: P_charge=25.03 MW, P_discharge=6.26 MW, E=75.10 MWh (≤12 h at discharge)
  Reliability: 90.00% | Unserved: 856 MWh (948 hrs)
  LCOE — Solar: $255.71 | TES: $92.88 | Total: $348.59/MWh
======================================================================

✅ Feasible optimization found at load 0.9767 MW
✅ Scenario complete. Results saved to scenarios/eu_heat_tes_v1/scenario_EE.KAUR.TTR_88.FACILITY/results
Tue Jun  9 12:31:47 EDT 2026
