Costs loaded for iso3_country=ITA, project_start=2025 (BNEF + battery components)
            timestamp  P_kWperkWp  ...                   source_name  year
0 2023-01-01 00:00:00         0.0  ...  api Raffineria di Ancona spa  2023
1 2023-01-01 01:00:00         0.0  ...  api Raffineria di Ancona spa  2023
2 2023-01-01 02:00:00         0.0  ...  api Raffineria di Ancona spa  2023
3 2023-01-01 03:00:00         0.0  ...  api Raffineria di Ancona spa  2023
4 2023-01-01 04:00:00         0.0  ...  api Raffineria di Ancona spa  2023

[5 rows x 5 columns]
✅ Data loaded
Heat process temperature: 350.0 C (CLI override)
Heat demand scaling: base_load=48.31 MW × multiplier=1.000 -> load_target=48.31 MW (disabled)
Trying optimization with load = 48.3122 MW...

======================================================================
Building HEAT STORAGE (TES) model for site IT.CAED/600151001.FACILITY
Load target: 48.3122 MW | Availability: 90.0% | VoLL: $0/MWh | RTE: 0.970 | E->heat eff: 0.950 | Max duration: 12.0 h
TES CAPEX: energy $100,000.00/MWh, power $0.00/MW (battery params: life=25y, discount=0.070, opex_frac=0.020); FOM $0.00/MW-yr
TES cost model: battery_params | project_start=2025 | process_temp_c=350.0
TES geometry: T_max=1500°C, T_min=350°C → usable stored-energy fraction≈0.767 (linear 0–T_max proxy); P_charge ≥ 4.00 × P_discharge; duration E ≤ 12.0 h × P_discharge; firm constant process load = 48.31 MW (intermittent charge via solar).
======================================================================

Variables built. Adding constraints...
Constraints built. Solving...
Solved in 10.58s

======================================================================
RESULTS (heat TES) - Site IT.CAED/600151001.FACILITY
  Solar: 291.10 MW | TES: P_charge=318.00 MW, P_discharge=79.50 MW, E=954.01 MWh (≤12 h at discharge)
  Reliability: 90.00% | Unserved: 42,321 MWh (1054 hrs)
  LCOE — Solar: $32.68 | TES: $23.85 | Total: $56.53/MWh
======================================================================

✅ Feasible optimization found at load 48.3122 MW
✅ Scenario complete. Results saved to scenarios/eu_heat_tes_v1/scenario_IT.CAED_600151001.FACILITY/results
Tue Jun  9 13:43:47 EDT 2026
