Costs loaded for iso3_country=FRA, project_start=2025 (BNEF + battery components)
            timestamp  P_kWperkWp              source_id     source_name  year
0 2023-01-01 00:00:00         0.0  FR.CAED/3834.FACILITY  ESSO RAFFINAGE  2023
1 2023-01-01 01:00:00         0.0  FR.CAED/3834.FACILITY  ESSO RAFFINAGE  2023
2 2023-01-01 02:00:00         0.0  FR.CAED/3834.FACILITY  ESSO RAFFINAGE  2023
3 2023-01-01 03:00:00         0.0  FR.CAED/3834.FACILITY  ESSO RAFFINAGE  2023
4 2023-01-01 04:00:00         0.0  FR.CAED/3834.FACILITY  ESSO RAFFINAGE  2023
✅ Data loaded
Heat process temperature: 350.0 C (CLI override)
Heat demand scaling: base_load=139.30 MW × multiplier=1.000 -> load_target=139.30 MW (disabled)
Trying optimization with load = 139.3029 MW...

======================================================================
Building HEAT STORAGE (TES) model for site FR.CAED/3834.FACILITY
Load target: 139.3029 MW | Availability: 90.0% | VoLL: $0/MWh | RTE: 0.970 | E->heat eff: 0.950 | Max duration: 12.0 h
TES CAPEX: energy $100,000.00/MWh, power $0.00/MW (battery params: life=25y, discount=0.070, opex_frac=0.020); FOM $0.00/MW-yr
TES cost model: battery_params | project_start=2025 | process_temp_c=350.0
TES geometry: T_max=1500°C, T_min=350°C → usable stored-energy fraction≈0.767 (linear 0–T_max proxy); P_charge ≥ 4.00 × P_discharge; duration E ≤ 12.0 h × P_discharge; firm constant process load = 139.30 MW (intermittent charge via solar).
======================================================================

Variables built. Adding constraints...
Constraints built. Solving...
Solved in 7.83s

======================================================================
RESULTS (heat TES) - Site FR.CAED/3834.FACILITY
  Solar: 1662.08 MW | TES: P_charge=1298.36 MW, P_discharge=324.59 MW, E=3895.09 MWh (≤12 h at discharge)
  Reliability: 90.00% | Unserved: 122,029 MWh (973 hrs)
  LCOE — Solar: $57.50 | TES: $33.77 | Total: $91.28/MWh
======================================================================

✅ Feasible optimization found at load 139.3029 MW
✅ Scenario complete. Results saved to scenarios/eu_heat_tes_v1/scenario_FR.CAED_3834.FACILITY/results
Tue Jun  9 12:59:26 EDT 2026
