Costs loaded for iso3_country=FRA, project_start=2025 (BNEF + battery components)
            timestamp  P_kWperkWp              source_id    source_name  year
0 2023-01-01 00:00:00         0.0  FR.CAED/3466.FACILITY  TEREOS FRANCE  2023
1 2023-01-01 01:00:00         0.0  FR.CAED/3466.FACILITY  TEREOS FRANCE  2023
2 2023-01-01 02:00:00         0.0  FR.CAED/3466.FACILITY  TEREOS FRANCE  2023
3 2023-01-01 03:00:00         0.0  FR.CAED/3466.FACILITY  TEREOS FRANCE  2023
4 2023-01-01 04:00:00         0.0  FR.CAED/3466.FACILITY  TEREOS FRANCE  2023
✅ Data loaded
Heat process temperature: 150.0 C (CLI override)
Heat demand scaling: base_load=50.13 MW × multiplier=1.000 -> load_target=50.13 MW (disabled)
Trying optimization with load = 50.1318 MW...

======================================================================
Building HEAT STORAGE (TES) model for site FR.CAED/3466.FACILITY
Load target: 50.1318 MW | Availability: 90.0% | VoLL: $0/MWh | RTE: 0.970 | E->heat eff: 0.980 | Max duration: 12.0 h
TES CAPEX: energy $100,000.00/MWh, power $0.00/MW (battery params: life=25y, discount=0.070, opex_frac=0.020); FOM $0.00/MW-yr
TES cost model: battery_params | project_start=2025 | process_temp_c=150.0
TES geometry: T_max=1500°C, T_min=150°C → usable stored-energy fraction≈0.900 (linear 0–T_max proxy); P_charge ≥ 4.00 × P_discharge; duration E ≤ 12.0 h × P_discharge; firm constant process load = 50.13 MW (intermittent charge via solar).
======================================================================

Variables built. Adding constraints...
Constraints built. Solving...
Solved in 8.33s

======================================================================
RESULTS (heat TES) - Site FR.CAED/3466.FACILITY
  Solar: 712.98 MW | TES: P_charge=564.21 MW, P_discharge=124.61 MW, E=1495.27 MWh (≤12 h at discharge)
  Reliability: 90.00% | Unserved: 43,915 MWh (966 hrs)
  LCOE — Solar: $68.54 | TES: $36.03 | Total: $104.57/MWh
======================================================================

✅ Feasible optimization found at load 50.1318 MW
✅ Scenario complete. Results saved to scenarios/eu_heat_tes_v1/scenario_FR.CAED_3466.FACILITY/results
Tue Jun  9 12:58:20 EDT 2026
