Costs loaded for iso3_country=POL, project_start=2025 (BNEF + battery components)
            timestamp  P_kWperkWp  ...              source_name  year
0 2023-01-01 00:00:00         0.0  ...  LOTOS ASfalt Sp. z o.o.  2023
1 2023-01-01 01:00:00         0.0  ...  LOTOS ASfalt Sp. z o.o.  2023
2 2023-01-01 02:00:00         0.0  ...  LOTOS ASfalt Sp. z o.o.  2023
3 2023-01-01 03:00:00         0.0  ...  LOTOS ASfalt Sp. z o.o.  2023
4 2023-01-01 04:00:00         0.0  ...  LOTOS ASfalt Sp. z o.o.  2023

[5 rows x 5 columns]
✅ Data loaded
Heat process temperature: 350.0 C (CLI override)
Heat demand scaling: base_load=0.10 MW × multiplier=1.000 -> load_target=0.10 MW (disabled)
Trying optimization with load = 0.097 MW...

======================================================================
Building HEAT STORAGE (TES) model for site PL.MŚ/000000023.FACILITY
Load target: 0.097 MW | Availability: 90.0% | VoLL: $0/MWh | RTE: 0.970 | E->heat eff: 0.950 | Max duration: 12.0 h
TES CAPEX: energy $100,000.00/MWh, power $0.00/MW (battery params: life=25y, discount=0.070, opex_frac=0.020); FOM $0.00/MW-yr
TES cost model: battery_params | project_start=2025 | process_temp_c=350.0
TES geometry: T_max=1500°C, T_min=350°C → usable stored-energy fraction≈0.767 (linear 0–T_max proxy); P_charge ≥ 4.00 × P_discharge; duration E ≤ 12.0 h × P_discharge; firm constant process load = 0.10 MW (intermittent charge via solar).
======================================================================

Variables built. Adding constraints...
Constraints built. Solving...
Solved in 8.62s

======================================================================
RESULTS (heat TES) - Site PL.MŚ/000000023.FACILITY
  Solar: 1.68 MW | TES: P_charge=1.48 MW, P_discharge=0.37 MW, E=4.44 MWh (≤12 h at discharge)
  Reliability: 90.00% | Unserved: 85 MWh (948 hrs)
  LCOE — Solar: $108.35 | TES: $55.24 | Total: $163.59/MWh
======================================================================

✅ Feasible optimization found at load 0.097 MW
✅ Scenario complete. Results saved to scenarios/eu_heat_tes_v1/scenario_PL.MŚ_000000023.FACILITY/results
Tue Jun  9 13:47:02 EDT 2026
