Costs loaded for iso3_country=ITA, project_start=2025 (BNEF + battery components)
            timestamp  P_kWperkWp  ...                             source_name  year
0 2023-01-01 00:00:00         0.0  ...  SOLVAY CHIMICA ITALIA S.P.A. ROSIGNANO  2023
1 2023-01-01 01:00:00         0.0  ...  SOLVAY CHIMICA ITALIA S.P.A. ROSIGNANO  2023
2 2023-01-01 02:00:00         0.0  ...  SOLVAY CHIMICA ITALIA S.P.A. ROSIGNANO  2023
3 2023-01-01 03:00:00         0.0  ...  SOLVAY CHIMICA ITALIA S.P.A. ROSIGNANO  2023
4 2023-01-01 04:00:00         0.0  ...  SOLVAY CHIMICA ITALIA S.P.A. ROSIGNANO  2023

[5 rows x 5 columns]
✅ Data loaded
Heat process temperature: 350.0 C (CLI override)
Heat demand scaling: base_load=3.77 MW × multiplier=1.000 -> load_target=3.77 MW (disabled)
Trying optimization with load = 3.7703 MW...

======================================================================
Building HEAT STORAGE (TES) model for site IT.CAED/570162008.FACILITY
Load target: 3.7703 MW | Availability: 90.0% | VoLL: $0/MWh | RTE: 0.970 | E->heat eff: 0.950 | Max duration: 12.0 h
TES CAPEX: energy $100,000.00/MWh, power $0.00/MW (battery params: life=25y, discount=0.070, opex_frac=0.020); FOM $0.00/MW-yr
TES cost model: battery_params | project_start=2025 | process_temp_c=350.0
TES geometry: T_max=1500°C, T_min=350°C → usable stored-energy fraction≈0.767 (linear 0–T_max proxy); P_charge ≥ 4.00 × P_discharge; duration E ≤ 12.0 h × P_discharge; firm constant process load = 3.77 MW (intermittent charge via solar).
======================================================================

Variables built. Adding constraints...
Constraints built. Solving...
Solved in 10.27s

======================================================================
RESULTS (heat TES) - Site IT.CAED/570162008.FACILITY
  Solar: 24.70 MW | TES: P_charge=25.81 MW, P_discharge=6.45 MW, E=77.44 MWh (≤12 h at discharge)
  Reliability: 90.00% | Unserved: 3,303 MWh (1031 hrs)
  LCOE — Solar: $35.54 | TES: $24.81 | Total: $60.35/MWh
======================================================================

✅ Feasible optimization found at load 3.7703 MW
✅ Scenario complete. Results saved to scenarios/eu_heat_tes_v1/scenario_IT.CAED_570162008.FACILITY/results
Tue Jun  9 13:43:42 EDT 2026
