Costs loaded for iso3_country=ITA, project_start=2025 (BNEF + battery components)
            timestamp  ...  year
0 2023-01-01 00:00:00  ...  2023
1 2023-01-01 01:00:00  ...  2023
2 2023-01-01 02:00:00  ...  2023
3 2023-01-01 03:00:00  ...  2023
4 2023-01-01 04:00:00  ...  2023

[5 rows x 5 columns]
✅ Data loaded
Heat process temperature: 350.0 C (CLI override)
Heat demand scaling: base_load=121.86 MW × multiplier=1.000 -> load_target=121.86 MW (disabled)
Trying optimization with load = 121.8626 MW...

======================================================================
Building HEAT STORAGE (TES) model for site IT.CAED/960111001.FACILITY
Load target: 121.8626 MW | Availability: 90.0% | VoLL: $0/MWh | RTE: 0.970 | E->heat eff: 0.950 | Max duration: 12.0 h
TES CAPEX: energy $100,000.00/MWh, power $0.00/MW (battery params: life=25y, discount=0.070, opex_frac=0.020); FOM $0.00/MW-yr
TES cost model: battery_params | project_start=2025 | process_temp_c=350.0
TES geometry: T_max=1500°C, T_min=350°C → usable stored-energy fraction≈0.767 (linear 0–T_max proxy); P_charge ≥ 4.00 × P_discharge; duration E ≤ 12.0 h × P_discharge; firm constant process load = 121.86 MW (intermittent charge via solar).
======================================================================

Variables built. Adding constraints...
Constraints built. Solving...
Solved in 13.28s

======================================================================
RESULTS (heat TES) - Site IT.CAED/960111001.FACILITY
  Solar: 607.17 MW | TES: P_charge=747.71 MW, P_discharge=186.93 MW, E=2243.14 MWh (≤12 h at discharge)
  Reliability: 90.00% | Unserved: 106,752 MWh (1150 hrs)
  LCOE — Solar: $27.03 | TES: $22.23 | Total: $49.26/MWh
======================================================================

✅ Feasible optimization found at load 121.8626 MW
✅ Scenario complete. Results saved to scenarios/eu_heat_tes_v1/scenario_IT.CAED_960111001.FACILITY/results
Tue Jun  9 13:45:59 EDT 2026
