Costs loaded for iso3_country=ESP, project_start=2025 (BNEF + battery components)
            timestamp  P_kWperkWp  ...            source_name  year
0 2023-01-01 00:00:00         0.0  ...  ALUMINA ESPAÑOLA S.A.  2023
1 2023-01-01 01:00:00         0.0  ...  ALUMINA ESPAÑOLA S.A.  2023
2 2023-01-01 02:00:00         0.0  ...  ALUMINA ESPAÑOLA S.A.  2023
3 2023-01-01 03:00:00         0.0  ...  ALUMINA ESPAÑOLA S.A.  2023
4 2023-01-01 04:00:00         0.0  ...  ALUMINA ESPAÑOLA S.A.  2023

[5 rows x 5 columns]
✅ Data loaded
Heat process temperature: 350.0 C (CLI override)
Heat demand scaling: base_load=185.50 MW × multiplier=1.000 -> load_target=185.50 MW (disabled)
Trying optimization with load = 185.4985 MW...

======================================================================
Building HEAT STORAGE (TES) model for site ES.CAED/001998000.FACILITY
Load target: 185.4985 MW | Availability: 90.0% | VoLL: $0/MWh | RTE: 0.970 | E->heat eff: 0.950 | Max duration: 12.0 h
TES CAPEX: energy $100,000.00/MWh, power $0.00/MW (battery params: life=25y, discount=0.070, opex_frac=0.020); FOM $0.00/MW-yr
TES cost model: battery_params | project_start=2025 | process_temp_c=350.0
TES geometry: T_max=1500°C, T_min=350°C → usable stored-energy fraction≈0.767 (linear 0–T_max proxy); P_charge ≥ 4.00 × P_discharge; duration E ≤ 12.0 h × P_discharge; firm constant process load = 185.50 MW (intermittent charge via solar).
======================================================================

Variables built. Adding constraints...
Constraints built. Solving...
Solved in 6.59s

======================================================================
RESULTS (heat TES) - Site ES.CAED/001998000.FACILITY
  Solar: 1531.95 MW | TES: P_charge=1373.14 MW, P_discharge=343.28 MW, E=4119.42 MWh (≤12 h at discharge)
  Reliability: 90.00% | Unserved: 162,497 MWh (980 hrs)
  LCOE — Solar: $46.93 | TES: $26.82 | Total: $73.76/MWh
======================================================================

✅ Feasible optimization found at load 185.4985 MW
✅ Scenario complete. Results saved to scenarios/eu_heat_tes_v1/scenario_ES.CAED_001998000.FACILITY/results
Tue Jun  9 12:40:32 EDT 2026
